// Jest Snapshot v1, https://goo.gl/fbAQLP

exports[`test render add recipe component 1`] = `
<div>
  <h1>
    Add Recipe
  </h1>
  <RecipeForm
    onSubmit={[Function]}
  />
</div>
`;
